[2021-08-26T22:54:10.296+0530][gc,heap] Heap region size: 1M
[2021-08-26T22:54:10.304+0530][gc     ] Using G1
[2021-08-26T22:54:10.304+0530][gc,heap,coops] Heap address: 0x00000000c0000000, size: 1024 MB, Compressed Oops mode: 32-bit
[2021-08-26T22:54:11.027+0530][gc,start     ] GC(0) Pause Young (Concurrent Start) (Metadata GC Threshold)
[2021-08-26T22:54:11.028+0530][gc,task      ] GC(0) Using 4 workers of 4 for evacuation
[2021-08-26T22:54:11.036+0530][gc,phases    ] GC(0)   Pre Evacuate Collection Set: 0.1ms
[2021-08-26T22:54:11.036+0530][gc,phases    ] GC(0)   Evacuate Collection Set: 7.0ms
[2021-08-26T22:54:11.036+0530][gc,phases    ] GC(0)   Post Evacuate Collection Set: 0.5ms
[2021-08-26T22:54:11.036+0530][gc,phases    ] GC(0)   Other: 1.3ms
[2021-08-26T22:54:11.036+0530][gc,heap      ] GC(0) Eden regions: 41->0(44)
[2021-08-26T22:54:11.036+0530][gc,heap      ] GC(0) Survivor regions: 0->7(7)
[2021-08-26T22:54:11.036+0530][gc,heap      ] GC(0) Old regions: 0->0
[2021-08-26T22:54:11.036+0530][gc,heap      ] GC(0) Humongous regions: 0->0
[2021-08-26T22:54:11.036+0530][gc,metaspace ] GC(0) Metaspace: 20763K->20763K(1069056K)
[2021-08-26T22:54:11.036+0530][gc           ] GC(0) Pause Young (Concurrent Start) (Metadata GC Threshold) 41M->6M(1024M) 9.060ms
[2021-08-26T22:54:11.036+0530][gc,cpu       ] GC(0) User=0.02s Sys=0.00s Real=0.01s
[2021-08-26T22:54:11.036+0530][gc           ] GC(1) Concurrent Cycle
[2021-08-26T22:54:11.036+0530][gc,marking   ] GC(1) Concurrent Clear Claimed Marks
[2021-08-26T22:54:11.036+0530][gc,marking   ] GC(1) Concurrent Clear Claimed Marks 0.029ms
[2021-08-26T22:54:11.036+0530][gc,marking   ] GC(1) Concurrent Scan Root Regions
[2021-08-26T22:54:11.039+0530][gc,marking   ] GC(1) Concurrent Scan Root Regions 2.542ms
[2021-08-26T22:54:11.039+0530][gc,marking   ] GC(1) Concurrent Mark (0.745s)
[2021-08-26T22:54:11.039+0530][gc,marking   ] GC(1) Concurrent Mark From Roots
[2021-08-26T22:54:11.039+0530][gc,task      ] GC(1) Using 1 workers of 1 for marking
[2021-08-26T22:54:11.040+0530][gc,marking   ] GC(1) Concurrent Mark From Roots 0.962ms
[2021-08-26T22:54:11.040+0530][gc,marking   ] GC(1) Concurrent Preclean
[2021-08-26T22:54:11.040+0530][gc,marking   ] GC(1) Concurrent Preclean 0.063ms
[2021-08-26T22:54:11.040+0530][gc,marking   ] GC(1) Concurrent Mark (0.745s, 0.746s) 1.063ms
[2021-08-26T22:54:11.040+0530][gc,start     ] GC(1) Pause Remark
[2021-08-26T22:54:11.043+0530][gc,stringtable] GC(1) Cleaned string and symbol table, strings: 7239 processed, 0 removed, symbols: 63728 processed, 29 removed
[2021-08-26T22:54:11.044+0530][gc            ] GC(1) Pause Remark 7M->7M(1024M) 4.059ms
[2021-08-26T22:54:11.044+0530][gc,cpu        ] GC(1) User=0.01s Sys=0.00s Real=0.00s
[2021-08-26T22:54:11.044+0530][gc,marking    ] GC(1) Concurrent Rebuild Remembered Sets
[2021-08-26T22:54:11.044+0530][gc,marking    ] GC(1) Concurrent Rebuild Remembered Sets 0.173ms
[2021-08-26T22:54:11.044+0530][gc,start      ] GC(1) Pause Cleanup
[2021-08-26T22:54:11.044+0530][gc            ] GC(1) Pause Cleanup 7M->7M(1024M) 0.145ms
[2021-08-26T22:54:11.044+0530][gc,cpu        ] GC(1) User=0.00s Sys=0.00s Real=0.00s
[2021-08-26T22:54:11.044+0530][gc,marking    ] GC(1) Concurrent Cleanup for Next Mark
[2021-08-26T22:54:11.052+0530][gc,marking    ] GC(1) Concurrent Cleanup for Next Mark 7.661ms
[2021-08-26T22:54:11.052+0530][gc            ] GC(1) Concurrent Cycle 16.086ms
[2021-08-26T22:54:11.967+0530][gc,start      ] GC(2) Pause Young (Normal) (G1 Evacuation Pause)
[2021-08-26T22:54:11.967+0530][gc,task       ] GC(2) Using 4 workers of 4 for evacuation
[2021-08-26T22:54:11.977+0530][gc,phases     ] GC(2)   Pre Evacuate Collection Set: 0.1ms
[2021-08-26T22:54:11.977+0530][gc,phases     ] GC(2)   Evacuate Collection Set: 9.0ms
[2021-08-26T22:54:11.977+0530][gc,phases     ] GC(2)   Post Evacuate Collection Set: 0.5ms
[2021-08-26T22:54:11.977+0530][gc,phases     ] GC(2)   Other: 0.3ms
[2021-08-26T22:54:11.977+0530][gc,heap       ] GC(2) Eden regions: 44->0(49)
[2021-08-26T22:54:11.977+0530][gc,heap       ] GC(2) Survivor regions: 7->2(7)
[2021-08-26T22:54:11.977+0530][gc,heap       ] GC(2) Old regions: 0->7
[2021-08-26T22:54:11.977+0530][gc,heap       ] GC(2) Humongous regions: 0->0
[2021-08-26T22:54:11.977+0530][gc,metaspace  ] GC(2) Metaspace: 30584K->30584K(1077248K)
[2021-08-26T22:54:11.977+0530][gc            ] GC(2) Pause Young (Normal) (G1 Evacuation Pause) 50M->8M(1024M) 9.924ms
[2021-08-26T22:54:11.977+0530][gc,cpu        ] GC(2) User=0.01s Sys=0.01s Real=0.01s
[2021-08-26T22:54:12.844+0530][gc,start      ] GC(3) Pause Young (Concurrent Start) (Metadata GC Threshold)
[2021-08-26T22:54:12.844+0530][gc,task       ] GC(3) Using 4 workers of 4 for evacuation
[2021-08-26T22:54:12.849+0530][gc,phases     ] GC(3)   Pre Evacuate Collection Set: 0.1ms
[2021-08-26T22:54:12.849+0530][gc,phases     ] GC(3)   Evacuate Collection Set: 4.4ms
[2021-08-26T22:54:12.849+0530][gc,phases     ] GC(3)   Post Evacuate Collection Set: 0.4ms
[2021-08-26T22:54:12.849+0530][gc,phases     ] GC(3)   Other: 0.3ms
[2021-08-26T22:54:12.849+0530][gc,heap       ] GC(3) Eden regions: 24->0(47)
[2021-08-26T22:54:12.849+0530][gc,heap       ] GC(3) Survivor regions: 2->4(7)
[2021-08-26T22:54:12.849+0530][gc,heap       ] GC(3) Old regions: 7->7
[2021-08-26T22:54:12.849+0530][gc,heap       ] GC(3) Humongous regions: 129->129
[2021-08-26T22:54:12.849+0530][gc,metaspace  ] GC(3) Metaspace: 34562K->34562K(1081344K)
[2021-08-26T22:54:12.849+0530][gc            ] GC(3) Pause Young (Concurrent Start) (Metadata GC Threshold) 160M->138M(1024M) 5.347ms
[2021-08-26T22:54:12.849+0530][gc,cpu        ] GC(3) User=0.01s Sys=0.01s Real=0.01s
[2021-08-26T22:54:12.849+0530][gc            ] GC(4) Concurrent Cycle
[2021-08-26T22:54:12.849+0530][gc,marking    ] GC(4) Concurrent Clear Claimed Marks
[2021-08-26T22:54:12.849+0530][gc,marking    ] GC(4) Concurrent Clear Claimed Marks 0.081ms
[2021-08-26T22:54:12.849+0530][gc,marking    ] GC(4) Concurrent Scan Root Regions
[2021-08-26T22:54:12.851+0530][gc,marking    ] GC(4) Concurrent Scan Root Regions 1.914ms
[2021-08-26T22:54:12.851+0530][gc,marking    ] GC(4) Concurrent Mark (2.558s)
[2021-08-26T22:54:12.851+0530][gc,marking    ] GC(4) Concurrent Mark From Roots
[2021-08-26T22:54:12.851+0530][gc,task       ] GC(4) Using 1 workers of 1 for marking
[2021-08-26T22:54:12.859+0530][gc,marking    ] GC(4) Concurrent Mark From Roots 7.620ms
[2021-08-26T22:54:12.859+0530][gc,marking    ] GC(4) Concurrent Preclean
[2021-08-26T22:54:12.859+0530][gc,marking    ] GC(4) Concurrent Preclean 0.137ms
[2021-08-26T22:54:12.859+0530][gc,marking    ] GC(4) Concurrent Mark (2.558s, 2.566s) 7.810ms
[2021-08-26T22:54:12.859+0530][gc,start      ] GC(4) Pause Remark
[2021-08-26T22:54:12.862+0530][gc,stringtable] GC(4) Cleaned string and symbol table, strings: 11098 processed, 9 removed, symbols: 94913 processed, 22 removed
[2021-08-26T22:54:12.862+0530][gc            ] GC(4) Pause Remark 140M->140M(1024M) 2.989ms
[2021-08-26T22:54:12.862+0530][gc,cpu        ] GC(4) User=0.01s Sys=0.00s Real=0.00s
[2021-08-26T22:54:12.862+0530][gc,marking    ] GC(4) Concurrent Rebuild Remembered Sets
[2021-08-26T22:54:12.866+0530][gc,marking    ] GC(4) Concurrent Rebuild Remembered Sets 4.272ms
[2021-08-26T22:54:12.867+0530][gc,start      ] GC(4) Pause Cleanup
[2021-08-26T22:54:12.867+0530][gc            ] GC(4) Pause Cleanup 140M->140M(1024M) 0.273ms
[2021-08-26T22:54:12.867+0530][gc,cpu        ] GC(4) User=0.00s Sys=0.00s Real=0.00s
[2021-08-26T22:54:12.867+0530][gc,marking    ] GC(4) Concurrent Cleanup for Next Mark
[2021-08-26T22:54:12.878+0530][gc,marking    ] GC(4) Concurrent Cleanup for Next Mark 11.127ms
[2021-08-26T22:54:12.878+0530][gc            ] GC(4) Concurrent Cycle 29.372ms
[2021-08-26T22:54:13.537+0530][gc,start      ] GC(5) Pause Young (Normal) (G1 Evacuation Pause)
[2021-08-26T22:54:13.537+0530][gc,task       ] GC(5) Using 4 workers of 4 for evacuation
[2021-08-26T22:54:13.554+0530][gc,phases     ] GC(5)   Pre Evacuate Collection Set: 0.0ms
[2021-08-26T22:54:13.554+0530][gc,phases     ] GC(5)   Evacuate Collection Set: 14.6ms
[2021-08-26T22:54:13.554+0530][gc,phases     ] GC(5)   Post Evacuate Collection Set: 1.8ms
[2021-08-26T22:54:13.554+0530][gc,phases     ] GC(5)   Other: 0.3ms
[2021-08-26T22:54:13.554+0530][gc,heap       ] GC(5) Eden regions: 47->0(44)
[2021-08-26T22:54:13.554+0530][gc,heap       ] GC(5) Survivor regions: 4->7(7)
[2021-08-26T22:54:13.554+0530][gc,heap       ] GC(5) Old regions: 7->7
[2021-08-26T22:54:13.554+0530][gc,heap       ] GC(5) Humongous regions: 129->129
[2021-08-26T22:54:13.554+0530][gc,metaspace  ] GC(5) Metaspace: 43530K->43530K(1089536K)
[2021-08-26T22:54:13.554+0530][gc            ] GC(5) Pause Young (Normal) (G1 Evacuation Pause) 185M->142M(1024M) 16.967ms
[2021-08-26T22:54:13.554+0530][gc,cpu        ] GC(5) User=0.05s Sys=0.00s Real=0.02s
[2021-08-26T23:01:24.859+0530][gc,start      ] GC(6) Pause Young (Normal) (G1 Evacuation Pause)
[2021-08-26T23:01:24.859+0530][gc,task       ] GC(6) Using 4 workers of 4 for evacuation
[2021-08-26T23:01:24.873+0530][gc,phases     ] GC(6)   Pre Evacuate Collection Set: 0.0ms
[2021-08-26T23:01:24.873+0530][gc,phases     ] GC(6)   Evacuate Collection Set: 12.8ms
[2021-08-26T23:01:24.873+0530][gc,phases     ] GC(6)   Post Evacuate Collection Set: 0.7ms
[2021-08-26T23:01:24.873+0530][gc,phases     ] GC(6)   Other: 0.3ms
[2021-08-26T23:01:24.873+0530][gc,heap       ] GC(6) Eden regions: 44->0(48)
[2021-08-26T23:01:24.873+0530][gc,heap       ] GC(6) Survivor regions: 7->3(7)
[2021-08-26T23:01:24.873+0530][gc,heap       ] GC(6) Old regions: 7->14
[2021-08-26T23:01:24.873+0530][gc,heap       ] GC(6) Humongous regions: 141->129
[2021-08-26T23:01:24.873+0530][gc,metaspace  ] GC(6) Metaspace: 48103K->48103K(1093632K)
[2021-08-26T23:01:24.873+0530][gc            ] GC(6) Pause Young (Normal) (G1 Evacuation Pause) 198M->144M(1024M) 14.044ms
[2021-08-26T23:01:24.873+0530][gc,cpu        ] GC(6) User=0.04s Sys=0.00s Real=0.02s
[2021-08-26T23:03:38.513+0530][gc,start      ] GC(7) Pause Young (Normal) (G1 Evacuation Pause)
[2021-08-26T23:03:38.513+0530][gc,task       ] GC(7) Using 4 workers of 4 for evacuation
[2021-08-26T23:03:38.538+0530][gc,mmu        ] GC(7) MMU target violated: 21.0ms (20.0ms/21.0ms)
[2021-08-26T23:03:38.538+0530][gc,phases     ] GC(7)   Pre Evacuate Collection Set: 0.0ms
[2021-08-26T23:03:38.538+0530][gc,phases     ] GC(7)   Evacuate Collection Set: 24.0ms
[2021-08-26T23:03:38.538+0530][gc,phases     ] GC(7)   Post Evacuate Collection Set: 0.6ms
[2021-08-26T23:03:38.538+0530][gc,phases     ] GC(7)   Other: 0.3ms
[2021-08-26T23:03:38.538+0530][gc,heap       ] GC(7) Eden regions: 48->0(48)
[2021-08-26T23:03:38.538+0530][gc,heap       ] GC(7) Survivor regions: 3->3(7)
[2021-08-26T23:03:38.538+0530][gc,heap       ] GC(7) Old regions: 14->14
[2021-08-26T23:03:38.538+0530][gc,heap       ] GC(7) Humongous regions: 129->129
[2021-08-26T23:03:38.538+0530][gc,metaspace  ] GC(7) Metaspace: 49581K->49581K(1093632K)
[2021-08-26T23:03:38.538+0530][gc            ] GC(7) Pause Young (Normal) (G1 Evacuation Pause) 192M->144M(1024M) 25.014ms
[2021-08-26T23:03:38.538+0530][gc,cpu        ] GC(7) User=0.04s Sys=0.00s Real=0.02s
[2021-08-26T23:03:46.107+0530][gc,start      ] GC(8) Pause Young (Normal) (G1 Evacuation Pause)
[2021-08-26T23:03:46.107+0530][gc,task       ] GC(8) Using 4 workers of 4 for evacuation
[2021-08-26T23:03:46.113+0530][gc,phases     ] GC(8)   Pre Evacuate Collection Set: 0.0ms
[2021-08-26T23:03:46.113+0530][gc,phases     ] GC(8)   Evacuate Collection Set: 5.6ms
[2021-08-26T23:03:46.113+0530][gc,phases     ] GC(8)   Post Evacuate Collection Set: 0.5ms
[2021-08-26T23:03:46.113+0530][gc,phases     ] GC(8)   Other: 0.2ms
[2021-08-26T23:03:46.113+0530][gc,heap       ] GC(8) Eden regions: 48->0(47)
[2021-08-26T23:03:46.113+0530][gc,heap       ] GC(8) Survivor regions: 3->4(7)
[2021-08-26T23:03:46.113+0530][gc,heap       ] GC(8) Old regions: 14->14
[2021-08-26T23:03:46.114+0530][gc,heap       ] GC(8) Humongous regions: 129->129
[2021-08-26T23:03:46.114+0530][gc,metaspace  ] GC(8) Metaspace: 50490K->50490K(1095680K)
[2021-08-26T23:03:46.114+0530][gc            ] GC(8) Pause Young (Normal) (G1 Evacuation Pause) 192M->145M(1024M) 6.351ms
[2021-08-26T23:03:46.114+0530][gc,cpu        ] GC(8) User=0.02s Sys=0.00s Real=0.01s
[2021-08-26T23:03:48.094+0530][gc,start      ] GC(9) Pause Young (Normal) (G1 Evacuation Pause)
[2021-08-26T23:03:48.094+0530][gc,task       ] GC(9) Using 4 workers of 4 for evacuation
[2021-08-26T23:03:48.101+0530][gc,phases     ] GC(9)   Pre Evacuate Collection Set: 0.0ms
[2021-08-26T23:03:48.101+0530][gc,phases     ] GC(9)   Evacuate Collection Set: 6.6ms
[2021-08-26T23:03:48.101+0530][gc,phases     ] GC(9)   Post Evacuate Collection Set: 0.6ms
[2021-08-26T23:03:48.101+0530][gc,phases     ] GC(9)   Other: 0.2ms
[2021-08-26T23:03:48.101+0530][gc,heap       ] GC(9) Eden regions: 47->0(47)
[2021-08-26T23:03:48.101+0530][gc,heap       ] GC(9) Survivor regions: 4->4(7)
[2021-08-26T23:03:48.101+0530][gc,heap       ] GC(9) Old regions: 14->14
[2021-08-26T23:03:48.101+0530][gc,heap       ] GC(9) Humongous regions: 129->129
[2021-08-26T23:03:48.101+0530][gc,metaspace  ] GC(9) Metaspace: 50515K->50515K(1095680K)
[2021-08-26T23:03:48.101+0530][gc            ] GC(9) Pause Young (Normal) (G1 Evacuation Pause) 192M->145M(1024M) 7.442ms
[2021-08-26T23:03:48.102+0530][gc,cpu        ] GC(9) User=0.02s Sys=0.00s Real=0.00s
[2021-08-26T23:03:50.492+0530][gc,start      ] GC(10) Pause Young (Normal) (G1 Evacuation Pause)
[2021-08-26T23:03:50.492+0530][gc,task       ] GC(10) Using 4 workers of 4 for evacuation
[2021-08-26T23:03:50.500+0530][gc,phases     ] GC(10)   Pre Evacuate Collection Set: 0.0ms
[2021-08-26T23:03:50.500+0530][gc,phases     ] GC(10)   Evacuate Collection Set: 6.7ms
[2021-08-26T23:03:50.500+0530][gc,phases     ] GC(10)   Post Evacuate Collection Set: 0.5ms
[2021-08-26T23:03:50.500+0530][gc,phases     ] GC(10)   Other: 0.2ms
[2021-08-26T23:03:50.500+0530][gc,heap       ] GC(10) Eden regions: 47->0(47)
[2021-08-26T23:03:50.500+0530][gc,heap       ] GC(10) Survivor regions: 4->4(7)
[2021-08-26T23:03:50.500+0530][gc,heap       ] GC(10) Old regions: 14->14
[2021-08-26T23:03:50.500+0530][gc,heap       ] GC(10) Humongous regions: 129->129
[2021-08-26T23:03:50.500+0530][gc,metaspace  ] GC(10) Metaspace: 50523K->50523K(1095680K)
[2021-08-26T23:03:50.500+0530][gc            ] GC(10) Pause Young (Normal) (G1 Evacuation Pause) 192M->145M(1024M) 7.453ms
[2021-08-26T23:03:50.500+0530][gc,cpu        ] GC(10) User=0.01s Sys=0.00s Real=0.01s
[2021-08-26T23:04:30.814+0530][gc,start      ] GC(11) Pause Young (Normal) (G1 Evacuation Pause)
[2021-08-26T23:04:30.814+0530][gc,task       ] GC(11) Using 4 workers of 4 for evacuation
[2021-08-26T23:04:30.829+0530][gc,phases     ] GC(11)   Pre Evacuate Collection Set: 0.0ms
[2021-08-26T23:04:30.829+0530][gc,phases     ] GC(11)   Evacuate Collection Set: 12.9ms
[2021-08-26T23:04:30.829+0530][gc,phases     ] GC(11)   Post Evacuate Collection Set: 2.0ms
[2021-08-26T23:04:30.829+0530][gc,phases     ] GC(11)   Other: 0.3ms
[2021-08-26T23:04:30.829+0530][gc,heap       ] GC(11) Eden regions: 47->0(62)
[2021-08-26T23:04:30.829+0530][gc,heap       ] GC(11) Survivor regions: 4->4(7)
[2021-08-26T23:04:30.829+0530][gc,heap       ] GC(11) Old regions: 14->14
[2021-08-26T23:04:30.829+0530][gc,heap       ] GC(11) Humongous regions: 129->129
[2021-08-26T23:04:30.829+0530][gc,metaspace  ] GC(11) Metaspace: 50759K->50759K(1095680K)
[2021-08-26T23:04:30.829+0530][gc            ] GC(11) Pause Young (Normal) (G1 Evacuation Pause) 192M->145M(1024M) 15.334ms
[2021-08-26T23:04:30.829+0530][gc,cpu        ] GC(11) User=0.03s Sys=0.00s Real=0.01s
[2021-08-26T23:10:06.152+0530][gc,start      ] GC(12) Pause Young (Normal) (G1 Evacuation Pause)
[2021-08-26T23:10:06.152+0530][gc,task       ] GC(12) Using 4 workers of 4 for evacuation
[2021-08-26T23:10:06.175+0530][gc,mmu        ] GC(12) MMU target violated: 21.0ms (20.0ms/21.0ms)
[2021-08-26T23:10:06.175+0530][gc,phases     ] GC(12)   Pre Evacuate Collection Set: 0.1ms
[2021-08-26T23:10:06.175+0530][gc,phases     ] GC(12)   Evacuate Collection Set: 21.2ms
[2021-08-26T23:10:06.175+0530][gc,phases     ] GC(12)   Post Evacuate Collection Set: 1.2ms
[2021-08-26T23:10:06.175+0530][gc,phases     ] GC(12)   Other: 0.5ms
[2021-08-26T23:10:06.175+0530][gc,heap       ] GC(12) Eden regions: 62->0(56)
[2021-08-26T23:10:06.175+0530][gc,heap       ] GC(12) Survivor regions: 4->5(9)
[2021-08-26T23:10:06.175+0530][gc,heap       ] GC(12) Old regions: 14->14
[2021-08-26T23:10:06.175+0530][gc,heap       ] GC(12) Humongous regions: 129->129
[2021-08-26T23:10:06.175+0530][gc,metaspace  ] GC(12) Metaspace: 51425K->51425K(1095680K)
[2021-08-26T23:10:06.175+0530][gc            ] GC(12) Pause Young (Normal) (G1 Evacuation Pause) 207M->147M(1024M) 23.115ms
[2021-08-26T23:10:06.175+0530][gc,cpu        ] GC(12) User=0.04s Sys=0.01s Real=0.03s
