[2021-08-20T05:53:43.475+0000][gc,heap] Heap region size: 1M
[2021-08-20T05:53:43.488+0000][gc     ] Using G1
[2021-08-20T05:53:43.488+0000][gc,heap,coops] Heap address: 0x00000000c0000000, size: 1024 MB, Compressed Oops mode: 32-bit
[2021-08-20T05:53:44.840+0000][gc,start     ] GC(0) Pause Young (Concurrent Start) (Metadata GC Threshold)
[2021-08-20T05:53:44.841+0000][gc,task      ] GC(0) Using 2 workers of 2 for evacuation
[2021-08-20T05:53:44.857+0000][gc,phases    ] GC(0)   Pre Evacuate Collection Set: 0.1ms
[2021-08-20T05:53:44.857+0000][gc,phases    ] GC(0)   Evacuate Collection Set: 15.3ms
[2021-08-20T05:53:44.857+0000][gc,phases    ] GC(0)   Post Evacuate Collection Set: 0.7ms
[2021-08-20T05:53:44.857+0000][gc,phases    ] GC(0)   Other: 0.6ms
[2021-08-20T05:53:44.857+0000][gc,heap      ] GC(0) Eden regions: 41->0(44)
[2021-08-20T05:53:44.857+0000][gc,heap      ] GC(0) Survivor regions: 0->7(7)
[2021-08-20T05:53:44.857+0000][gc,heap      ] GC(0) Old regions: 0->0
[2021-08-20T05:53:44.857+0000][gc,heap      ] GC(0) Humongous regions: 0->0
[2021-08-20T05:53:44.857+0000][gc,metaspace ] GC(0) Metaspace: 20689K->20689K(1069056K)
[2021-08-20T05:53:44.857+0000][gc           ] GC(0) Pause Young (Concurrent Start) (Metadata GC Threshold) 41M->6M(1024M) 16.840ms
[2021-08-20T05:53:44.857+0000][gc,cpu       ] GC(0) User=0.02s Sys=0.00s Real=0.02s
[2021-08-20T05:53:44.857+0000][gc           ] GC(1) Concurrent Cycle
[2021-08-20T05:53:44.857+0000][gc,marking   ] GC(1) Concurrent Clear Claimed Marks
[2021-08-20T05:53:44.857+0000][gc,marking   ] GC(1) Concurrent Clear Claimed Marks 0.035ms
[2021-08-20T05:53:44.857+0000][gc,marking   ] GC(1) Concurrent Scan Root Regions
[2021-08-20T05:53:44.865+0000][gc,marking   ] GC(1) Concurrent Scan Root Regions 7.506ms
[2021-08-20T05:53:44.865+0000][gc,marking   ] GC(1) Concurrent Mark (1.396s)
[2021-08-20T05:53:44.865+0000][gc,marking   ] GC(1) Concurrent Mark From Roots
[2021-08-20T05:53:44.865+0000][gc,task      ] GC(1) Using 1 workers of 1 for marking
[2021-08-20T05:53:44.868+0000][gc,marking   ] GC(1) Concurrent Mark From Roots 2.659ms
[2021-08-20T05:53:44.868+0000][gc,marking   ] GC(1) Concurrent Preclean
[2021-08-20T05:53:44.868+0000][gc,marking   ] GC(1) Concurrent Preclean 0.042ms
[2021-08-20T05:53:44.868+0000][gc,marking   ] GC(1) Concurrent Mark (1.396s, 1.399s) 2.755ms
[2021-08-20T05:53:44.869+0000][gc,start     ] GC(1) Pause Remark
[2021-08-20T05:53:44.875+0000][gc,stringtable] GC(1) Cleaned string and symbol table, strings: 7184 processed, 0 removed, symbols: 63608 processed, 30 removed
[2021-08-20T05:53:44.876+0000][gc            ] GC(1) Pause Remark 7M->7M(1024M) 6.047ms
[2021-08-20T05:53:44.876+0000][gc,cpu        ] GC(1) User=0.00s Sys=0.00s Real=0.01s
[2021-08-20T05:53:44.876+0000][gc,marking    ] GC(1) Concurrent Rebuild Remembered Sets
[2021-08-20T05:53:44.876+0000][gc,marking    ] GC(1) Concurrent Rebuild Remembered Sets 0.122ms
[2021-08-20T05:53:44.876+0000][gc,start      ] GC(1) Pause Cleanup
[2021-08-20T05:53:44.877+0000][gc            ] GC(1) Pause Cleanup 7M->7M(1024M) 0.277ms
[2021-08-20T05:53:44.877+0000][gc,cpu        ] GC(1) User=0.00s Sys=0.00s Real=0.00s
[2021-08-20T05:53:44.877+0000][gc,marking    ] GC(1) Concurrent Cleanup for Next Mark
[2021-08-20T05:53:44.892+0000][gc,marking    ] GC(1) Concurrent Cleanup for Next Mark 14.953ms
[2021-08-20T05:53:44.892+0000][gc            ] GC(1) Concurrent Cycle 34.269ms
[2021-08-20T05:53:45.971+0000][gc,start      ] GC(2) Pause Young (Normal) (G1 Evacuation Pause)
[2021-08-20T05:53:45.971+0000][gc,task       ] GC(2) Using 2 workers of 2 for evacuation
[2021-08-20T05:53:45.991+0000][gc,phases     ] GC(2)   Pre Evacuate Collection Set: 0.0ms
[2021-08-20T05:53:45.991+0000][gc,phases     ] GC(2)   Evacuate Collection Set: 18.7ms
[2021-08-20T05:53:45.991+0000][gc,phases     ] GC(2)   Post Evacuate Collection Set: 0.7ms
[2021-08-20T05:53:45.991+0000][gc,phases     ] GC(2)   Other: 0.2ms
[2021-08-20T05:53:45.991+0000][gc,heap       ] GC(2) Eden regions: 44->0(48)
[2021-08-20T05:53:45.991+0000][gc,heap       ] GC(2) Survivor regions: 7->3(7)
[2021-08-20T05:53:45.991+0000][gc,heap       ] GC(2) Old regions: 0->7
[2021-08-20T05:53:45.991+0000][gc,heap       ] GC(2) Humongous regions: 129->129
[2021-08-20T05:53:45.991+0000][gc,metaspace  ] GC(2) Metaspace: 30710K->30710K(1077248K)
[2021-08-20T05:53:45.991+0000][gc            ] GC(2) Pause Young (Normal) (G1 Evacuation Pause) 179M->137M(1024M) 19.853ms
[2021-08-20T05:53:45.991+0000][gc,cpu        ] GC(2) User=0.02s Sys=0.01s Real=0.02s
[2021-08-20T05:53:46.470+0000][gc,start      ] GC(3) Pause Young (Concurrent Start) (Metadata GC Threshold)
[2021-08-20T05:53:46.470+0000][gc,task       ] GC(3) Using 2 workers of 2 for evacuation
[2021-08-20T05:53:46.481+0000][gc,phases     ] GC(3)   Pre Evacuate Collection Set: 0.1ms
[2021-08-20T05:53:46.481+0000][gc,phases     ] GC(3)   Evacuate Collection Set: 8.0ms
[2021-08-20T05:53:46.481+0000][gc,phases     ] GC(3)   Post Evacuate Collection Set: 3.1ms
[2021-08-20T05:53:46.481+0000][gc,phases     ] GC(3)   Other: 0.3ms
[2021-08-20T05:53:46.481+0000][gc,heap       ] GC(3) Eden regions: 22->0(47)
[2021-08-20T05:53:46.481+0000][gc,heap       ] GC(3) Survivor regions: 3->4(7)
[2021-08-20T05:53:46.481+0000][gc,heap       ] GC(3) Old regions: 7->7
[2021-08-20T05:53:46.481+0000][gc,heap       ] GC(3) Humongous regions: 129->129
[2021-08-20T05:53:46.481+0000][gc,metaspace  ] GC(3) Metaspace: 34621K->34621K(1081344K)
[2021-08-20T05:53:46.481+0000][gc            ] GC(3) Pause Young (Concurrent Start) (Metadata GC Threshold) 159M->139M(1024M) 11.607ms
[2021-08-20T05:53:46.481+0000][gc,cpu        ] GC(3) User=0.02s Sys=0.00s Real=0.01s
[2021-08-20T05:53:46.481+0000][gc            ] GC(4) Concurrent Cycle
[2021-08-20T05:53:46.481+0000][gc,marking    ] GC(4) Concurrent Clear Claimed Marks
[2021-08-20T05:53:46.481+0000][gc,marking    ] GC(4) Concurrent Clear Claimed Marks 0.091ms
[2021-08-20T05:53:46.481+0000][gc,marking    ] GC(4) Concurrent Scan Root Regions
[2021-08-20T05:53:46.486+0000][gc,marking    ] GC(4) Concurrent Scan Root Regions 4.178ms
[2021-08-20T05:53:46.486+0000][gc,marking    ] GC(4) Concurrent Mark (3.017s)
[2021-08-20T05:53:46.486+0000][gc,marking    ] GC(4) Concurrent Mark From Roots
[2021-08-20T05:53:46.486+0000][gc,task       ] GC(4) Using 1 workers of 1 for marking
[2021-08-20T05:53:46.517+0000][gc,marking    ] GC(4) Concurrent Mark From Roots 31.105ms
[2021-08-20T05:53:46.517+0000][gc,marking    ] GC(4) Concurrent Preclean
[2021-08-20T05:53:46.517+0000][gc,marking    ] GC(4) Concurrent Preclean 0.116ms
[2021-08-20T05:53:46.517+0000][gc,marking    ] GC(4) Concurrent Mark (3.017s, 3.048s) 31.296ms
[2021-08-20T05:53:46.519+0000][gc,start      ] GC(4) Pause Remark
[2021-08-20T05:53:46.529+0000][gc,stringtable] GC(4) Cleaned string and symbol table, strings: 11770 processed, 9 removed, symbols: 94676 processed, 29 removed
[2021-08-20T05:53:46.530+0000][gc            ] GC(4) Pause Remark 140M->140M(1024M) 11.550ms
[2021-08-20T05:53:46.530+0000][gc,cpu        ] GC(4) User=0.01s Sys=0.00s Real=0.01s
[2021-08-20T05:53:46.530+0000][gc,marking    ] GC(4) Concurrent Rebuild Remembered Sets
[2021-08-20T05:53:46.549+0000][gc,marking    ] GC(4) Concurrent Rebuild Remembered Sets 18.726ms
[2021-08-20T05:53:46.551+0000][gc,start      ] GC(4) Pause Cleanup
[2021-08-20T05:53:46.551+0000][gc            ] GC(4) Pause Cleanup 141M->141M(1024M) 0.325ms
[2021-08-20T05:53:46.551+0000][gc,cpu        ] GC(4) User=0.00s Sys=0.00s Real=0.00s
[2021-08-20T05:53:46.551+0000][gc,marking    ] GC(4) Concurrent Cleanup for Next Mark
[2021-08-20T05:53:46.575+0000][gc,marking    ] GC(4) Concurrent Cleanup for Next Mark 23.051ms
[2021-08-20T05:53:46.575+0000][gc            ] GC(4) Concurrent Cycle 93.212ms
[2021-08-20T05:54:11.924+0000][gc,start      ] GC(5) Pause Young (Normal) (G1 Evacuation Pause)
[2021-08-20T05:54:11.924+0000][gc,task       ] GC(5) Using 2 workers of 2 for evacuation
[2021-08-20T05:54:11.956+0000][gc,mmu        ] GC(5) MMU target violated: 21.0ms (20.0ms/21.0ms)
[2021-08-20T05:54:11.956+0000][gc,phases     ] GC(5)   Pre Evacuate Collection Set: 0.0ms
[2021-08-20T05:54:11.956+0000][gc,phases     ] GC(5)   Evacuate Collection Set: 31.4ms
[2021-08-20T05:54:11.956+0000][gc,phases     ] GC(5)   Post Evacuate Collection Set: 0.7ms
[2021-08-20T05:54:11.956+0000][gc,phases     ] GC(5)   Other: 0.3ms
[2021-08-20T05:54:11.956+0000][gc,heap       ] GC(5) Eden regions: 47->0(46)
[2021-08-20T05:54:11.956+0000][gc,heap       ] GC(5) Survivor regions: 4->5(7)
[2021-08-20T05:54:11.956+0000][gc,heap       ] GC(5) Old regions: 7->9
[2021-08-20T05:54:11.956+0000][gc,heap       ] GC(5) Humongous regions: 129->129
[2021-08-20T05:54:11.956+0000][gc,metaspace  ] GC(5) Metaspace: 44417K->44417K(1089536K)
[2021-08-20T05:54:11.956+0000][gc            ] GC(5) Pause Young (Normal) (G1 Evacuation Pause) 186M->142M(1024M) 32.556ms
[2021-08-20T05:54:11.956+0000][gc,cpu        ] GC(5) User=0.06s Sys=0.00s Real=0.03s
[2021-08-20T05:55:28.236+0000][gc,start      ] GC(6) Pause Young (Normal) (G1 Evacuation Pause)
[2021-08-20T05:55:28.236+0000][gc,task       ] GC(6) Using 2 workers of 2 for evacuation
[2021-08-20T05:55:28.313+0000][gc,mmu        ] GC(6) MMU target violated: 21.0ms (20.0ms/21.0ms)
[2021-08-20T05:55:28.313+0000][gc,phases     ] GC(6)   Pre Evacuate Collection Set: 0.0ms
[2021-08-20T05:55:28.313+0000][gc,phases     ] GC(6)   Evacuate Collection Set: 73.8ms
[2021-08-20T05:55:28.313+0000][gc,phases     ] GC(6)   Post Evacuate Collection Set: 2.5ms
[2021-08-20T05:55:28.313+0000][gc,phases     ] GC(6)   Other: 0.7ms
[2021-08-20T05:55:28.313+0000][gc,heap       ] GC(6) Eden regions: 46->0(45)
[2021-08-20T05:55:28.313+0000][gc,heap       ] GC(6) Survivor regions: 5->6(7)
[2021-08-20T05:55:28.313+0000][gc,heap       ] GC(6) Old regions: 9->11
[2021-08-20T05:55:28.313+0000][gc,heap       ] GC(6) Humongous regions: 129->129
[2021-08-20T05:55:28.313+0000][gc,metaspace  ] GC(6) Metaspace: 49429K->49429K(1093632K)
[2021-08-20T05:55:28.313+0000][gc            ] GC(6) Pause Young (Normal) (G1 Evacuation Pause) 188M->145M(1024M) 77.085ms
[2021-08-20T05:55:28.313+0000][gc,cpu        ] GC(6) User=0.04s Sys=0.01s Real=0.07s
[2021-08-20T05:59:01.014+0000][gc,start      ] GC(7) Pause Young (Normal) (G1 Evacuation Pause)
[2021-08-20T05:59:01.014+0000][gc,task       ] GC(7) Using 2 workers of 2 for evacuation
[2021-08-20T05:59:01.036+0000][gc,mmu        ] GC(7) MMU target violated: 21.0ms (20.0ms/21.0ms)
[2021-08-20T05:59:01.036+0000][gc,phases     ] GC(7)   Pre Evacuate Collection Set: 0.1ms
[2021-08-20T05:59:01.036+0000][gc,phases     ] GC(7)   Evacuate Collection Set: 21.0ms
[2021-08-20T05:59:01.036+0000][gc,phases     ] GC(7)   Post Evacuate Collection Set: 0.6ms
[2021-08-20T05:59:01.036+0000][gc,phases     ] GC(7)   Other: 0.4ms
[2021-08-20T05:59:01.036+0000][gc,heap       ] GC(7) Eden regions: 45->0(46)
[2021-08-20T05:59:01.036+0000][gc,heap       ] GC(7) Survivor regions: 6->5(7)
[2021-08-20T05:59:01.036+0000][gc,heap       ] GC(7) Old regions: 11->14
[2021-08-20T05:59:01.036+0000][gc,heap       ] GC(7) Humongous regions: 129->129
[2021-08-20T05:59:01.036+0000][gc,metaspace  ] GC(7) Metaspace: 50439K->50439K(1095680K)
[2021-08-20T05:59:01.036+0000][gc            ] GC(7) Pause Young (Normal) (G1 Evacuation Pause) 190M->147M(1024M) 22.293ms
[2021-08-20T05:59:01.036+0000][gc,cpu        ] GC(7) User=0.03s Sys=0.00s Real=0.03s
[2021-08-20T05:59:09.920+0000][gc,heap,exit  ] Heap
[2021-08-20T05:59:09.920+0000][gc,heap,exit  ]  garbage-first heap   total 1048576K, used 162285K [0x00000000c0000000, 0x0000000100000000)
[2021-08-20T05:59:09.920+0000][gc,heap,exit  ]   region size 1024K, 17 young (17408K), 5 survivors (5120K)
[2021-08-20T05:59:09.920+0000][gc,heap,exit  ]  Metaspace       used 51254K, capacity 54097K, committed 54268K, reserved 1095680K
[2021-08-20T05:59:09.920+0000][gc,heap,exit  ]   class space    used 6444K, capacity 7803K, committed 7808K, reserved 1048576K
