[2021-08-20T05:53:29.410+0000][gc,heap] Heap region size: 1M
[2021-08-20T05:53:29.421+0000][gc     ] Using G1
[2021-08-20T05:53:29.421+0000][gc,heap,coops] Heap address: 0x00000000e0000000, size: 512 MB, Compressed Oops mode: 32-bit
[2021-08-20T05:53:45.150+0000][gc,start     ] GC(0) Pause Young (Normal) (G1 Evacuation Pause)
[2021-08-20T05:53:45.150+0000][gc,task      ] GC(0) Using 2 workers of 2 for evacuation
[2021-08-20T05:53:45.180+0000][gc,mmu       ] GC(0) MMU target violated: 21.0ms (20.0ms/21.0ms)
[2021-08-20T05:53:45.180+0000][gc,phases    ] GC(0)   Pre Evacuate Collection Set: 0.0ms
[2021-08-20T05:53:45.180+0000][gc,phases    ] GC(0)   Evacuate Collection Set: 29.1ms
[2021-08-20T05:53:45.180+0000][gc,phases    ] GC(0)   Post Evacuate Collection Set: 0.5ms
[2021-08-20T05:53:45.180+0000][gc,phases    ] GC(0)   Other: 0.4ms
[2021-08-20T05:53:45.180+0000][gc,heap      ] GC(0) Eden regions: 25->0(21)
[2021-08-20T05:53:45.180+0000][gc,heap      ] GC(0) Survivor regions: 0->4(4)
[2021-08-20T05:53:45.180+0000][gc,heap      ] GC(0) Old regions: 0->2
[2021-08-20T05:53:45.180+0000][gc,heap      ] GC(0) Humongous regions: 0->0
[2021-08-20T05:53:45.180+0000][gc,metaspace ] GC(0) Metaspace: 15284K->15284K(1062912K)
[2021-08-20T05:53:45.180+0000][gc           ] GC(0) Pause Young (Normal) (G1 Evacuation Pause) 25M->5M(512M) 29.984ms
[2021-08-20T05:53:45.180+0000][gc,cpu       ] GC(0) User=0.01s Sys=0.00s Real=0.03s
[2021-08-20T05:59:11.246+0000][gc,heap,exit ] Heap
[2021-08-20T05:59:11.246+0000][gc,heap,exit ]  garbage-first heap   total 524288K, used 14140K [0x00000000e0000000, 0x0000000100000000)
[2021-08-20T05:59:11.246+0000][gc,heap,exit ]   region size 1024K, 13 young (13312K), 4 survivors (4096K)
[2021-08-20T05:59:11.246+0000][gc,heap,exit ]  Metaspace       used 16146K, capacity 16467K, committed 16640K, reserved 1064960K
[2021-08-20T05:59:11.246+0000][gc,heap,exit ]   class space    used 1592K, capacity 1719K, committed 1792K, reserved 1048576K
