[2021-08-26T22:54:02.871+0530][gc,heap] Heap region size: 1M
[2021-08-26T22:54:02.875+0530][gc     ] Using G1
[2021-08-26T22:54:02.875+0530][gc,heap,coops] Heap address: 0x00000000e0000000, size: 512 MB, Compressed Oops mode: 32-bit
[2021-08-26T22:54:03.928+0530][gc,start     ] GC(0) Pause Young (Normal) (G1 Evacuation Pause)
[2021-08-26T22:54:03.930+0530][gc,task      ] GC(0) Using 4 workers of 4 for evacuation
[2021-08-26T22:54:03.939+0530][gc,phases    ] GC(0)   Pre Evacuate Collection Set: 0.0ms
[2021-08-26T22:54:03.939+0530][gc,phases    ] GC(0)   Evacuate Collection Set: 7.9ms
[2021-08-26T22:54:03.939+0530][gc,phases    ] GC(0)   Post Evacuate Collection Set: 0.9ms
[2021-08-26T22:54:03.939+0530][gc,phases    ] GC(0)   Other: 1.4ms
[2021-08-26T22:54:03.939+0530][gc,heap      ] GC(0) Eden regions: 25->0(21)
[2021-08-26T22:54:03.939+0530][gc,heap      ] GC(0) Survivor regions: 0->4(4)
[2021-08-26T22:54:03.939+0530][gc,heap      ] GC(0) Old regions: 0->2
[2021-08-26T22:54:03.939+0530][gc,heap      ] GC(0) Humongous regions: 0->0
[2021-08-26T22:54:03.939+0530][gc,metaspace ] GC(0) Metaspace: 15433K->15433K(1062912K)
[2021-08-26T22:54:03.939+0530][gc           ] GC(0) Pause Young (Normal) (G1 Evacuation Pause) 25M->5M(512M) 10.261ms
[2021-08-26T22:54:03.939+0530][gc,cpu       ] GC(0) User=0.02s Sys=0.00s Real=0.01s
[2021-08-26T23:09:59.804+0530][gc,heap,exit ] Heap
[2021-08-26T23:09:59.805+0530][gc,heap,exit ]  garbage-first heap   total 524288K, used 12285K [0x00000000e0000000, 0x0000000100000000)
[2021-08-26T23:09:59.805+0530][gc,heap,exit ]   region size 1024K, 11 young (11264K), 4 survivors (4096K)
[2021-08-26T23:09:59.805+0530][gc,heap,exit ]  Metaspace       used 16118K, capacity 16477K, committed 16896K, reserved 1064960K
[2021-08-26T23:09:59.805+0530][gc,heap,exit ]   class space    used 1603K, capacity 1721K, committed 1792K, reserved 1048576K
