[2021-08-26T19:29:32.866+0530][gc,heap] Heap region size: 1M
[2021-08-26T19:29:32.871+0530][gc     ] Using G1
[2021-08-26T19:29:32.871+0530][gc,heap,coops] Heap address: 0x00000000e0000000, size: 512 MB, Compressed Oops mode: 32-bit
[2021-08-26T19:29:34.159+0530][gc,start     ] GC(0) Pause Young (Normal) (G1 Evacuation Pause)
[2021-08-26T19:29:34.160+0530][gc,task      ] GC(0) Using 4 workers of 4 for evacuation
[2021-08-26T19:29:34.173+0530][gc,phases    ] GC(0)   Pre Evacuate Collection Set: 0.0ms
[2021-08-26T19:29:34.173+0530][gc,phases    ] GC(0)   Evacuate Collection Set: 11.9ms
[2021-08-26T19:29:34.173+0530][gc,phases    ] GC(0)   Post Evacuate Collection Set: 0.9ms
[2021-08-26T19:29:34.173+0530][gc,phases    ] GC(0)   Other: 0.8ms
[2021-08-26T19:29:34.173+0530][gc,heap      ] GC(0) Eden regions: 25->0(21)
[2021-08-26T19:29:34.173+0530][gc,heap      ] GC(0) Survivor regions: 0->4(4)
[2021-08-26T19:29:34.173+0530][gc,heap      ] GC(0) Old regions: 0->3
[2021-08-26T19:29:34.173+0530][gc,heap      ] GC(0) Humongous regions: 0->0
[2021-08-26T19:29:34.173+0530][gc,metaspace ] GC(0) Metaspace: 15445K->15445K(1062912K)
[2021-08-26T19:29:34.173+0530][gc           ] GC(0) Pause Young (Normal) (G1 Evacuation Pause) 25M->6M(512M) 14.114ms
[2021-08-26T19:29:34.173+0530][gc,cpu       ] GC(0) User=0.04s Sys=0.00s Real=0.02s
[2021-08-26T22:51:46.737+0530][gc,heap,exit ] Heap
[2021-08-26T22:51:46.737+0530][gc,heap,exit ]  garbage-first heap   total 524288K, used 19680K [0x00000000e0000000, 0x0000000100000000)
[2021-08-26T22:51:46.737+0530][gc,heap,exit ]   region size 1024K, 18 young (18432K), 4 survivors (4096K)
[2021-08-26T22:51:46.737+0530][gc,heap,exit ]  Metaspace       used 16266K, capacity 16541K, committed 16896K, reserved 1064960K
[2021-08-26T22:51:46.737+0530][gc,heap,exit ]   class space    used 1603K, capacity 1721K, committed 1792K, reserved 1048576K
